// Jest Snapshot v1, https://goo.gl/fbAQLP

exports[`Pruebas en <TodoList /> debe de mostrarse correctamente 1`] = `
<ul
  className="list__container"
>
  <TodoListItem
    handleRemoveTodo={[MockFunction]}
    handleToggleTodo={[MockFunction]}
    index={0}
    key="1"
    todo={
      Object {
        "description": "Aprender React",
        "done": false,
        "id": 1,
      }
    }
  />
  <TodoListItem
    handleRemoveTodo={[MockFunction]}
    handleToggleTodo={[MockFunction]}
    index={1}
    key="2"
    todo={
      Object {
        "description": "Aprender Mongo",
        "done": false,
        "id": 2,
      }
    }
  />
</ul>
`;
