// Jest Snapshot v1, https://goo.gl/fbAQLP

exports[`Pruebas en <TodoApp /> debe mostrarse correctamente 1`] = `
<Fragment>
  <h1>
    ToDo App ( 
    0
     )
  </h1>
  <hr />
  <div
    className="todo__container"
  >
    <TodoList
      handleRemoveTodo={[Function]}
      handleToggleTodo={[Function]}
      todos={Array []}
    />
    <AddTodo
      handleAddTodo={[Function]}
    />
  </div>
</Fragment>
`;
