// Jest Snapshot v1, https://goo.gl/fbAQLP

exports[`Pruebas en <TodoListItem /> debe de mostrarse correctamente 1`] = `
<div
  className="list__item-container"
  key="1"
>
  <li
    className="list__item"
  >
    <p
      className="list__item-text"
      onClick={[Function]}
    >
      2
      . 
      Aprender React
    </p>
    <button
      className="list__delete-item"
      onClick={[Function]}
    >
      Borrar
    </button>
  </li>
</div>
`;
